#-----------------------------------------------------------
# Vivado v2023.2 (64-bit)
# SW Build 4029153 on Fri Oct 13 20:14:34 MDT 2023
# IP Build 4028589 on Sat Oct 14 00:45:43 MDT 2023
# SharedData Build 4025554 on Tue Oct 10 17:18:54 MDT 2023
# Start of session at: Mon Feb 19 09:49:44 2024
# Process ID: 15136
# Current directory: C:/ElectronicaDigitalyMicrocontroladores/Laboratorio1/MUX4to1
# Command line: vivado.exe -gui_launcher_event rodinguilauncherevent10304 C:\ElectronicaDigitalyMicrocontroladores\Laboratorio1\MUX4to1\MUX4to1.xpr
# Log file: C:/ElectronicaDigitalyMicrocontroladores/Laboratorio1/MUX4to1/vivado.log
# Journal file: C:/ElectronicaDigitalyMicrocontroladores/Laboratorio1/MUX4to1\vivado.jou
# Running On: LaptopMateo, OS: Windows, CPU Frequency: 2096 MHz, CPU Physical cores: 8, Host memory: 8389 MB
#-----------------------------------------------------------
start_gui
open_project C:/ElectronicaDigitalyMicrocontroladores/Laboratorio1/MUX4to1/MUX4to1.xpr
update_compile_order -fileset sources_1
